TAP version 13
1..2
ok 1 - src/app/actions/__tests__/landing-page.test.ts # time=31.31ms {
    1..1
    ok 1 - Landing Page Actions # time=29.66ms {
        1..2
        ok 1 - getPopularCategories # time=22.53ms {
            1..4
            ok 1 - should return 3 most popular categories sorted by order items # time=4.91ms
            ok 2 - should filter out deleted categories # time=4.15ms
            ok 3 - should return empty array on error # time=10.98ms
            ok 4 - should include product count for each category # time=0.89ms
        }
        ok 2 - getFeaturedProducts # time=6.62ms {
            1..6
            ok 1 - should return 4 products sorted by price descending # time=0.82ms
            ok 2 - should filter products with stock > 0 and not deleted # time=1.03ms
            ok 3 - should include category relation for each product # time=0.79ms
            ok 4 - should return empty array on error # time=1.66ms
            ok 5 - should order products by price in descending order # time=1.19ms
            ok 6 - should limit results to 4 products # time=0.88ms
        }
    }
}
not ok 2 - src/app/actions/__tests__/products.test.ts # time=52.65ms {
    1..1
    not ok 1 - Product Catalog Actions # time=50.77ms {
        1..6
        not ok 1 - getProducts - Pagination # time=25.95ms {
            1..4
            not ok 1 - should return default 12 products per page # time=18.25ms
                ---
                error:
                    name: "AssertionError"
                    message: "expected [ ΓÇª(4) ] to have a length of 12 but got 4"
                at: "D:/SeptianoF/Kuliah/Semester 5/Rekayasa Perangkat Lunak/gitarin/src/app/actions/__tests__/products.test.ts:115:37"
                actual: "4"
                expected: "12"
                ...
            ok 2 - should return correct page 2 products # time=4.28ms
            ok 3 - should handle page beyond total pages # time=0.86ms
            ok 4 - should calculate pagination metadata correctly # time=0.70ms
        }
        ok 2 - getProducts - Category Filter # time=2.61ms {
            1..2
            ok 1 - should filter products by category # time=1.40ms
            ok 2 - should return all products when no category specified # time=1.11ms
        }
        ok 3 - getProducts - Sorting # time=4.11ms {
            1..4
            ok 1 - should sort by newest (default) # time=1.34ms
            ok 2 - should sort by price ascending # time=0.82ms
            ok 3 - should sort by price descending # time=0.76ms
            ok 4 - should sort by name alphabetically # time=0.97ms
        }
        ok 4 - getProducts - Search # time=2.83ms {
            1..3
            ok 1 - should search products by name (case-insensitive) # time=0.94ms
            ok 2 - should trim search query # time=1.12ms
            ok 3 - should return empty results for no match # time=0.64ms
        }
        ok 5 - getProducts - Combined Filters # time=1.96ms {
            1..2
            ok 1 - should combine category + search # time=1.03ms
            ok 2 - should combine all filters (category + search + sort) # time=0.76ms
        }
        ok 6 - getProducts - Validation & Edge Cases # time=12.87ms {
            1..6
            ok 1 - should validate page >= 1 # time=0.83ms
            ok 2 - should limit max items per page to 100 # time=0.49ms
            ok 3 - should only return products with stock > 0 # time=0.45ms
            ok 4 - should exclude soft-deleted products # time=0.54ms
            ok 5 - should return empty result on database error # time=9.47ms
            ok 6 - should include category relation # time=0.82ms
        }
    }
}
